app/(super-admin)/super-admin/support/page.tsx(108,61): error TS2322: Type 'LucideIcon' is not assignable to type 'ReactNode'.
  Type 'ForwardRefExoticComponent<LucideProps>' is missing the following properties from type 'ReactPortal': children, type, props, key
app/(super-admin)/super-admin/support/page.tsx(109,62): error TS2322: Type 'LucideIcon' is not assignable to type 'ReactNode'.
  Type 'ForwardRefExoticComponent<LucideProps>' is missing the following properties from type 'ReactPortal': children, type, props, key
app/(super-admin)/super-admin/support/page.tsx(110,69): error TS2322: Type 'LucideIcon' is not assignable to type 'ReactNode'.
  Type 'ForwardRefExoticComponent<LucideProps>' is missing the following properties from type 'ReactPortal': children, type, props, key
app/(super-admin)/super-admin/support/page.tsx(111,75): error TS2322: Type 'LucideIcon' is not assignable to type 'ReactNode'.
  Type 'ForwardRefExoticComponent<LucideProps>' is missing the following properties from type 'ReactPortal': children, type, props, key
components/ui/select-shadcn.tsx(48,7): error TS2322: Type 'RefObject<HTMLButtonElement | null>' is not assignable to type 'LegacyRef<HTMLButtonElement> | undefined'.
  Type 'RefObject<HTMLButtonElement | null>' is not assignable to type 'RefObject<HTMLButtonElement>'.
    Type 'HTMLButtonElement | null' is not assignable to type 'HTMLButtonElement'.
      Type 'null' is not assignable to type 'HTMLButtonElement'.
